Loading rhel8/default-icl
  Loading requirement: dot rhel8/slurm singularity/current rhel8/global
    cuda/11.4 vgl/2.5.1/64 intel-oneapi-compilers/2022.1.0/gcc/b6zld2mz
    intel-oneapi-mpi/2021.6.0/intel/guxuvcpm
Changed directory to /rds/user/cm2121/hpc-work/dissertation-ibc/hpc.

JobID: 48892765
======
Time: Wed Mar 27 17:59:18 GMT 2024
Running on master node: cpu-q-320
Current directory: /rds/user/cm2121/hpc-work/dissertation-ibc/hpc

Nodes allocated:
================
cpu-q-320

numtasks=1, numnodes=1, mpi_tasks_per_node=1 (OMP_NUM_THREADS=1)

Executing command:
==================
python -m hpc.facebook_comb >hpc/facebook_comb.txt

flatpak: symbol lookup error: /lib64/libk5crypto.so.3: undefined symbol: EVP_KDF_ctrl, version OPENSSL_1_1_1b
/var/spool/slurm/slurmd/job48892765/slurm_script: line 130: hpc/facebook_comb.txt: No such file or directory
